// Jest Snapshot v1, https://goo.gl/fbAQLP

exports[`testing DetailsItem.test.tsx should render properly with passed props 1`] = `
"<div>
  <div class=\\"flex flex-col bg-white p-5\\"><span class=\\"italic text-gray-600\\">some label</span><span class=\\"text-2xl font-bold text-gray-800\\">some value</span></div>
</div>"
`;
